// Jest Snapshot v1, https://goo.gl/fbAQLP

exports[`getPhonetics has stable behavior 1`] = `
Array [
  "o²²si³yo",
  "v²²ɂv",
  "v³³hla",
  "ho²wa",
  "a²yo⁴!",
  "to¹¹hi⁴",
  "to¹¹hi⁴⁴tsu",
  "to¹¹hi⁴⁴sgo",
  "v²²ɂv to¹¹hi⁴⁴gwu",
  "v²²ɂv o⁴⁴sda",
  "v³³hla o⁴⁴sda yi⁴gi",
  "v³³hla to¹¹hi⁴ yi⁴gi",
  "wa²do",
  "v¹¹sgi²gi",
  "go²²hu⁴⁴sdi",
  "do²na²da²²go²²hv²²ɂi",
  "do²da²da²²go²²hv²²ɂi",
  "u²²yo⁴⁴ɂi a²da",
  "ni! a⁴ɂda",
  "a²yv²²wi",
  "yo³³ne²²ga",
  "nv²hgi²²ne⁴⁴ɂi a²yv²²wi",
  "i²gv²²yi⁴⁴ɂi a¹¹de²²hlo²hgwa¹¹sdi",
  "ta²ɂli di²de²²hlo²hgwa¹¹sdi",
  "a²ya²²do²²hlv⁴⁴ɂi",
  "ga²wo¹¹ni²³hi³sdi",
  "ta²ɂli²²ne⁴⁴ɂi a²hwi",
  "tso²ɂi²²ne⁴⁴ɂi no²htsi",
  "tso²ɂi nu²³na",
  "a³ha²ni i²³ga³³da a²ma",
  "a³ha²ni i²³ga³³da a³³ma",
  "u²²ne⁴⁴ga a²da",
  "ti²go²²li²³ya",
  "ta²tv²²da¹¹sda",
  "hi²sgi²²ne⁴⁴ɂi a²ge²³hya",
  "ga²do u⁴⁴sdi a²sga²ya",
  "hi²la⁴ i²³ga⁴ nu²³na",
  "hi²la⁴ i²ya³ni gi²²hli",
  "a²²se³sdi",
  "di²²se³sdi",
  "sa¹¹gwu⁴ nv¹¹ya",
  "ta³ɂli di²go²²hwe²²li",
  "a²²ni²ta³ɂli we²³sa",
  "a²²ni²tso²ɂi a²ha²wi",
  "nv²hgi wa²ha²ya",
  "hi²sgi do²²ya",
  "su²³da³li tsi²²sdu",
  "ga²hlgwo²³gi a²ni²²ge²²hyu⁴⁴tsa",
  "su²³da³li²²ne⁴⁴ɂi a²chu⁴⁴tsa",
  "ga²hlgwo²³gi²²ne⁴⁴ɂi sa²lo²³li",
  "ni²ta²dv¹¹ga",
  "to²²hwe²²lv¹¹ga",
  "sa²dv³³di a¹¹go²whti³ha",
  "so²³gwi³li a¹¹ni²go²whti³ha",
  "gi²²hli da¹¹go²whti³ha a²sga²ya",
  "a²ni²²sga²ya yo²³na da¹¹ni²go²whti³ha",
  "gi²²hli a²le we²³sa",
  "ga²do tsu⁴⁴sdi nu²³na",
  "ga²do tsu⁴⁴sdi nv¹¹ya",
  "ga²do u⁴nsdi a²ni²²ge²³hya",
  "ga²do u⁴nsdi a²ni²²sga²ya",
  "di²sda¹¹tv²²da¹¹sda",
  "ni²di²sda²dv¹¹ga",
  "gi²²hli tsi²²go²whti³ha",
  "go²²hwe²²li tsi²go²whti³ha",
  "we²³sa ga²²tsi²²go²whti³ha",
  "gu²²le de²²tsi²go²whti³ha",
  "a²ha²wi hi²²go²whti³ha",
  "tu²³ya hi²go²whti³ha",
  "wa²ha²ya ga²²hi²²go²whti³ha",
  "di²²sa²dv³³di de²²hi²go²whti³ha",
  "a³ha²ni a²le u¹¹hna⁴",
  "i⁴⁴na a²le na²ɂv",
  "di²sdo²²hwe²²lv¹¹ga",
  "di²sdi²go²²li²³ya",
  "a²yv",
  "v¹¹sgi²na",
  "ha²²dlv v¹¹sgi²na",
  "ha²²dlv na hlɂgv⁴⁴ɂi",
  "ha²²dlv na de²³hlɂgv⁴⁴ɂi",
  "a²ge²³hya hi²ɂa a¹¹go²whti³ha",
  "ni²hi",
  "ni²di²tsa²dv¹¹ga",
  "di¹¹tso²²hwe²²lv¹¹ga",
  "ga²wo³³ni²²sgv³³ɂi a¹¹kta²hv³³ɂi",
  "a²ge²³hya²hv",
  "v¹¹sgi²na²hv",
  "a²sga²ya²na",
  "hi²ɂa²na",
  "gi²²hli²sgo",
  "v¹¹sgi²na²sgo",
  "hi²ɂa²sgo",
  "a²ha²wi²gwu",
  "v¹¹sgi²na²gwu",
  "hi²ɂa²gwu",
  "wa²ha²ya²gwu²tsu",
  "na²tsu",
  "hi²ɂa²tsu",
  "hla a²ge²³hya yi⁴⁴gi a²sga²ya",
  "hla a²sga²ya yi⁴⁴gi a²ge²³hya",
  "hla gi²²hli yi⁴⁴gi we²³sa",
  "hla²sgo a²ha²wi yi⁴⁴gi",
  "hla²tsu wa²ha²ya yi⁴⁴gi",
  "di¹¹tsi²go²²li²³ya",
  "di¹¹tsa¹¹tv²²da¹¹sda",
  "me³³li, do²²na²da²²go²²hv²²ɂi",
  "ni²hi a²le su³³sa²no, do²²da²da²²go²²hv²²ɂi",
  "a²gi²²hli",
  "a²²ni²²gi²²hli",
  "a²ɂa²ha²wi",
  "a²²ni²ɂa²ha²wi",
  "a²tsi²²sdu",
  "a²²ni²tsi²²sdu",
  "a²wa²ha²ya",
  "a²²ni²wa²ha²ya",
  "a²we²³sa",
  "a²²ni²we²³sa",
  "tsa³³ni, dv²²gv²²go²²hi",
  "tsa³³ni, dv²²sgi²²go²²hi",
  "li³³ni²da a²le ma²²ga³³li, dv²²sdv²²go²²hi",
  "a²²li³³sa²²gwe²²ti, dv²²sgi²ni²²go²²hi, e³nto²²ni a²le a²yv",
  "li³³ni²da a²le ma²²ga³³li, dv²²sgi²ni²²go²²hi",
  "ni²ga⁴⁴da ni²hi, dv²²ɂi¹¹tsv²²go²²hi",
  "ni²ga⁴⁴da a²yv dv²²ɂi¹¹tsv²²go²²hi",
  "dv²²ɂi¹¹sgi²²go²²hi, ni²ga⁴⁴da a²yv",
  "ni²ga⁴⁴da ni²hi, dv²²ɂi¹¹sgi²²go²²hi",
  "ga²do a¹¹dv³³ne²ha a²ge²²hyu⁴⁴tsa",
  "tso²ɂga²²ɂdu a²ni²²ge²²hyu⁴⁴tsa a³ha²ni",
  "ga²do a¹¹dv³³ne²ha a²chu⁴⁴tsa",
  "ga²do a¹¹na²²dv³³ne²ha a²ni²²chu⁴⁴tsa",
  "hlɂgv⁴⁴ɂi tsi²go²whti³ha",
  "de²³hlɂgv⁴⁴ɂi da¹¹ni²go²whti³ha",
  "sa²²ɂdu",
  "cha²ne²³la",
  "so³hne²³la",
  "sgo²³hi",
  "ta²ɂldu",
  "no³³t",
  "ka²ni²³gi²da",
  "ni²ga²²ɂdu",
  "sgi²ga²²ɂdu",
  "da²²la²²du",
  "ga²hlgwa²³du",
  "ne²³la²²du",
  "so³hne²³la²²du",
  "ta³ɂlsgo²³hi",
  "tso²ɂsgo²³hi",
  "nv²ksgo²³hi",
  "hi²ksgo²³hi",
  "su²³da³lsgo²³hi",
  "ga²hlgwa²³sgo²³hi",
  "ne³lsgo²³hi",
  "so³hne³lsgo²³hi",
  "sgo²³hi³tsgwa",
  "ga²hlgwo²³gi a²le tso²ɂga²²ɂdu ta³ɂlsgo²³hi i²³gi",
  "ga²hlgwo²³gi a²le sa¹¹gwu⁴ cha²ne²³la i²³gi",
  "hi²sgi a²le so³hne²³la ni²ga²²ɂdu i²³gi",
  "cha²ne²³la a²le ga²hlgwo²³gi sgi²ga²²ɂdu i²³gi",
  "hi²la³²yv⁴⁴ɂi",
  "ga³³go",
  "ga³²gi³",
  "ga²do¹",
  "ga²do¹gi³",
  "ga²do u⁴⁴sdi",
  "ga²do u⁴nsdi",
  "ga²do u²²sdi",
  "ga²do¹¹hv⁴",
  "e³nto²²ni da¹¹gwa²do³³ɂa",
  "li³³ni²da a²le ma²²ga³³li do¹¹gi²²na²do³³ɂa",
  "ma³³ga²ye²²ti, me³³li, a²le gwa²²gwa²ɂa do¹¹ga²do³³ɂa",
  "a²²li³³sa²²gwe²²ti de²³tsa³do³³ɂa",
  "su³³sa²no a²le to³³ma²si de²³sda³do³³ɂa",
  "de³³wi²di, cha³³li, a²le tsa³³ni de¹¹tsa³do³³ɂa",
  "wa²ha²ya du¹¹do³³ɂa",
  "sa²lo²³li, so²³gwi³li, a²le yo²³na du¹¹na²do³³ɂa",
  "sa²lo²³li, i³he²³do³²lv²²ɂi",
  "so²³gwi³li a²le yo²³na i³sde²³do³²lv²²ɂi",
  "sa²lo²³li, so²³gwi³li, a²le yo²³na i³ɂi¹¹tse²³do³²lv²²ɂi",
  "gi²li²²si",
  "yv²²wi",
  "a²gi²li²²si",
  "a²ni²²gi²li²²si",
  "a²tsa²la²gi",
  "a²²no⁴⁴sda a²ni²²tsa²la²gi",
  "a²yo³³ne²²ga",
  "u²²ni²yo⁴⁴ɂi a²ni²²yo³³ne²²ga",
  "a²ni²²yv²²wi",
  "a²yv²²wi²²ya⁴⁴ɂi",
  "a²ni²²yv²²wi²²ya⁴⁴ɂi",
  "si",
  "v²hla³si",
  "hla go²²hu⁴⁴sdi",
  "u²wo⁴hldi go²²hwe²²li",
  "tsu²wo⁴hldi di²go²²hwe²²li",
  "de³³wi²di tsi²²sdu",
  "na a²²ni²tso²ɂi yo²³na",
  "hi²ɂa sa¹¹gwu⁴ u²²yo⁴ tsi²²sdu",
  "si³yo de³³wi²di",
  "a²ge²²hyu⁴⁴tsa a²le a²²ni²tso²ɂi yo²³na",
  "a³ha²ni tsi²²sdu",
  "tsi²²sdu a²ge²²hyu⁴⁴tsa",
  "ga²do de²³tsa³do³³ɂa",
  "de³³wi²di tsi²²sdu da¹¹gwa²do³³a",
  "ni²hi a²le a²yv",
  "ni²hi a³ha²ni o⁴⁴sda",
  "ha²²dlv na a²²ni²tso²ɂi yo²³na",
  "yo²³na²na a²²ni²tso²ɂi",
  "na u²²yo⁴⁴ɂi!",
  "u¹¹hna⁴sgo a²²ni²tso²ɂi yo²³na",
  "na a²²ni²tso²ɂi yo²³na u¹¹hna⁴",
  "si! na a²²ni²tso²ɂi yo²³na a³ha²ni",
  "u¹¹hna⁴ ga²²tsi²²go²whti³ha, a²²ni²ta³ɂli we²³sa",
  "we²³sa²sgo v³³hla! v¹¹sgi a²²ni²ta³ɂli gi²²hli",
  "yo²³na²na",
  "v³³hla yo²³na a³ha²ni yi⁴⁴gi",
  "ga²do u²²sdi a³ha²ni",
  "u¹¹hna⁴ tsi²go²whti³ha",
  "go²²hu⁴⁴sdi o⁴⁴sda tsi²go²whti³ha",
  "ga²do u²²sdi hi²go²whti³ha",
  "ho²wa go²²hu⁴⁴sdi o⁴⁴sda",
  "o⁴⁴sda²gwu",
  "ni! a³ha²ni so²³gwi³li!",
  "u¹¹hna⁴ sa¹¹gwu⁴ so²³gwi³li",
  "a³ha²ni sa¹¹gwu⁴ so²³gwi³li",
  "hi²ɂa²sgo o⁴⁴sda so²³gwi³li",
  "o⁴⁴sda so²³gwi³li",
  "na u²²yo⁴⁴ɂi so²³gwi³li",
  "u¹¹hna⁴ o⁴⁴sda sa¹¹gwu⁴ tsi²go²whti³ha!",
  "de³³wi²di! yv²²wi a³ha²ni!",
  "na yo²³na a²chu⁴⁴tsa tsa³³ni du¹¹do³³ɂa",
  "ga³³go ga²do du¹¹do³³ɂa",
  "de²³tsa³do³³ɂa²sgo de³³wi²di tsi²²sdu",
  "ni²hi na u²²yo⁴⁴ɂi tsi²²sdu!",
  "i¹tse⁴⁴ɂi tu²³ya",
  "i²tse³³ɂi²yu⁴⁴sdi²sgo yo²³na",
  "u¹¹sgo²³lv⁴⁴ɂi",
  "u²wo²³di³ge⁴ɂi nu²³na²gwu",
  "gi²³ga³ge⁴⁴ɂi gu²²le",
  "gv²³hna³ge⁴ɂi sa²dv³³di",
  "sa²ko²³ni³ge⁴⁴ɂi sa²dv³³di",
  "da²ha²²li²ge⁴⁴ɂi nu²³na",
  "da²lo²³ni³ge⁴⁴ɂi nv¹¹ya",
  "a²gi²³ga³ge⁴⁴ɂi a²ge²³hya",
  "a²gv²³hna³ge⁴⁴ɂi gi²²hli",
  "a²sa²ko²³ni³ge⁴⁴ɂi we²³sa",
  "a²da²ha²²li²ge⁴⁴ɂi a²ha²wi",
  "a²da²lo²³ni³ge⁴⁴ɂi a²ha²wi",
  "gi²³ga³ge⁴⁴ɂi u¹¹sgo²³lv⁴⁴ɂi gu²²le",
  "da²lo²³ni³ge⁴⁴ɂi u¹¹sgo²³lv⁴⁴ɂi tu²³ya",
  "a²ni²²tse⁴ tu²³ya",
  "a²ni²²tse³³ɂi²yu⁴⁴sdi do²²ya",
  "a²ni²²gi²³ga³ge⁴ tsi²²sdu",
  "a²ni²²da²ha²²li²ge⁴ wa²ha²ya",
  "a²ni²²gv²³hna³ge⁴ wa²hya",
  "a²ni²²sa²ko²³ni³ge⁴ sa²lo²³li",
  "a²ni²²da²lo²³ni³ge⁴ so²³gwi³li",
  "u²²ni²²ne⁴⁴ga yo²³na",
  "tsu²²no²³di³ge⁴ gi²²hli",
  "di²tse⁴ nu²³na",
  "di²tse³³ɂi²yu⁴⁴sdi di²²sa²dv³³di",
  "tsu²²ne⁴⁴ga de²³hlɂgv⁴⁴ɂi",
  "tsu²wo²³di³ge⁴⁴ɂi di²go²²hwe²²li",
  "di²gi²³ga³ge⁴ go²²hu⁴⁴sdi",
  "di²gv²³hna³ge⁴ nv¹¹ya",
  "di²sa²ko²³ni³ge⁴ gu²²le",
  "di²da²ha²²li²ge⁴⁴ɂi nu²³na",
  "di²da²lo²³ni³ge⁴⁴ɂi nv¹¹ya",
  "gu²²le u²³ha",
  "tu²³ya u¹¹ni²³ha",
  "sa²dv³³di a¹¹gi²ha",
  "nu²³na tsa²ha",
  "gi²²hli u¹¹wa²²ka³ha",
  "we²³sa u¹¹ni²²ka³ha",
  "a²ha²wi a¹¹gi²ka³ha",
  "do²²ya tsa²ka³ha",
  "a²ge²²hyu⁴⁴tsa a²gi²go²whti³ha",
  "hla a²chu⁴⁴tsa ya²gi²go²whti³ha",
  "sa²lo²³li tsa²go²whti³ha",
  "hla yo²³na yi²tsa²go²whti³ha",
  "hla na gu²²le yu²³ha",
  "hla sa²dv³³di yu¹¹ni²³ha",
  "hla nu²³na ya¹¹gi²ha",
  "hla nv¹¹ya yi²tsa²ha",
  "hla gi²²hli yu¹¹wa²²ka³ha",
  "hla we²³sa yu¹¹ni²²ka³ha",
  "hla do²²ya ya¹¹gi²ka³ha",
  "hla tsi²²sdu yi²tsa²ka³ha",
  "na wa²ha²ya gv²²gi²go²whti³ha",
  "v³³hla a²ni²²ge²²hyu⁴⁴tsa yi²gv²²gi²go²whti³ha",
  "a²ni²²chu⁴⁴tsa ge²²tsa²go²whti³ha",
  "v³³hla sa²lo²³li yi²ge²²tsa²go²whti³ha",
  "di²²sa²dv³³di du²³ha",
  "nu²³na du¹¹ni²³ha",
  "nv¹¹ya da¹¹gi²ha",
  "gu²²le de²²tsa²ha",
  "a²ha²wi du¹¹wa²²ka³ha",
  "do²²ya du¹¹ni²²ka³ha",
  "tsi²²sdu da¹¹gi²ka³ha",
  "wa²ha²ya de²²tsa²ka³ha",
  "v³³hla na di²²sa²dv³³di yi²du²³ha",
  "v³³hla na nu²³na yi²du¹¹ni²³ha",
  "v³³hla nv¹¹ya yi²da²²gi²ha",
  "v³³hla gu²²le yi²di²²tsa²ha",
  "v³³hla gi²²hli yi²du¹¹wa²²ka³ha",
  "v³³hla we²³sa yi²du¹¹ni²²ka³ha",
  "v³³hla a²ha²wi yi²da²²gi²ka³ha",
  "v³³hla do²²ya yi²di²²tsa²ka³ha",
  "i⁴⁴gi",
  "i⁴⁴ga",
  "ge¹¹so³³ɂi",
  "ge¹¹sv⁴⁴ɂi",
  "ge¹¹sv²³gi",
  "ge¹¹se³³ɂi",
  "ge¹¹hv⁴⁴ɂi",
  "ge¹¹hv²³gi",
  "ge¹¹he³³ɂi",
  "ge¹¹se³³sdi",
  "wa²ha²ya a²²ni²gv²³hna³ge⁴ u¹¹ni²sgo²³lv⁴ ge¹¹so³³ɂi",
  "na sa²³lo²li u²²wo²³di³ge⁴ ge¹¹sv²³ɂi",
  "a²sa²ko²³ni³ge⁴ u¹¹sgo²³lv⁴ a²ha²wi a²ha²ni ge¹¹hv²",
  "na gv²³hna³ge⁴ do²²ya a²ha²ni ge¹¹se³³ɂi",
  "na so²³gwi³li u²wo²³di³ge⁴ ge¹¹se³³sdi",
  "na a²²ni²da²lo²³ni³ge⁴ tsi²²sdu u¹¹hna ge¹¹sv²³gi",
  "na yo²³na da²lo²³ni³ge⁴ u¹¹sgo²³lv⁴ i⁴⁴gi",
  "gwa²²gwa²ɂa tsi²²ya²²du²²li³ha",
  "nu²³na a¹¹gwa²du²²li³ha",
  "na a²ge²³hya a¹¹gwa²du²²li³ha",
  "gi²²hli ga²²tsi²²ya²²du²²li³ha",
  "di²ga²²sgi²lo da¹¹gwa²du²²li³ha",
  "a²²li³³sa²²gwe²²ti a²le e³nto²²ni gv¹¹gwa²du²²li³ha",
  "ma²²ga³³li li³³ni²da u¹¹du²²li³ha",
  "ma³³ga²ye²²ti we²³sa du¹¹du²²li³ha",
  "hi²²ya²²du²²li³ha²sgo",
  "na²tsu sa²dv³³di tsa²du²²li³ha",
  "me³³li tsa²du²²li³ha",
  "a²ha²wi²sgo ga²²hi²²ya²²du²²li³ha",
  "tu²³ya²sgo de²²tsa²du²²li³ha",
  "na a²ni²²sga²ya ge²²tsa²du²²li³ha",
  "go²²hu⁴⁴sdi u¹¹na²²du²²li³ha",
  "go²²hu⁴⁴sdi du¹¹na²²du²²li³ha",
  "a²²se³³hno, tsi²²sdu ga²²tsi²²ya²²du²²li³ha",
  "ga²²sgi²lo tsi²go²whti³ha",
  "ka, v³³hla nu²³na ya¹¹gwa²du²²li³ha",
  "nu⁴⁴la, su³³sa²no tsa²du²²li³ha",
  "a²²ni²ta³ɂli i²ya³ni a²ni²²ge²²hyu⁴⁴tsa",
  "tso²ɂi i²³ga⁴ de²³hlɂgv⁴⁴ɂi",
  "na nu²³na ga²²sgi²lv⁴⁴ɂi",
  "ga²do u²²sdi u²lsu²³hwi²da na gi²²hli",
  "ga²do u²²sdi u²²na²lsu²³hwi²da na tsi²²sdu",
  "ga²do u²²sdi tsu²lsu²³hwi²da na nu²³na",
  "na do²²ya u²lsu²³hwi²da u²wo²³di³ge⁴⁴ɂi",
  "na tsi²²sdu u²²na²lsu²³hwi²da u²²ni²²ne⁴⁴ga",
  "na go²²hu⁴⁴sdi tsu²lsu²³hwi²da di²da²ha²²li²ge⁴⁴ɂi",
  "u²²ni²yo⁴ we²³sa",
  "na u²²yo⁴ ge¹¹sv²³gi",
  "na u²²ni²yo⁴ a²ni²²yv²²wi ge¹¹sv²³gi",
  "ha²²dlv a¹¹no⁴⁴sda yv²²wi",
  "a¹¹no⁴⁴sda yv²²wi hla a³hni yi⁴⁴gi",
  "u¹¹hna²na",
  "a²ni²²yv²²wi u¹¹hna yi²ge¹¹se³³sdi",
  "a²sga²ya hla na ya¹¹go²whti³ a²yv a³hni",
  "ho²wa! a²yv a³hni!",
  "u²²ni²yo⁴ a²ni²²yv²²wi a³hni yi⁴⁴g",
  "ha²²dlv yv²²wi",
  "hla a³hni yi⁴⁴g",
  "hi²ɂa u²²yo⁴",
  "hla na¹¹sgi yi²tsi²²go²whti³",
  "hla o⁴⁴sd yi⁴⁴g",
  "ni²hi²tsu u¹¹hna",
  "hla yi²tsi²²go²whti³ha",
  "ha²²dlv ni²hi",
  "u¹¹hna u²²yo⁴ ge¹¹sv²³g",
  "a²gi²yo⁴ a¹¹gwa²du²²li³",
  "a²gi²yo⁴ a¹¹gwa²du²²li³ha tsa²yo⁴s tsa²du²²li³",
  "a²tsa²la²g we²³s ge¹¹se³",
  "a²gi²li²²s we²³s ge¹¹se³",
  "o⁴⁴sd we²³s ge¹¹se³ u²²yo⁴ we²³s ge¹¹se³",
  "u²²ni²yo⁴ a²ni²²yv²²wi a³hni",
  "nu⁴⁴la nu⁴⁴la",
  "na nv²hg gi²²hli ga²²hi²²ya²²du²²li³",
  "yi⁴⁴gi",
  "ga²do u²²sdi hi²ɂa",
  "na we²³s a¹¹no⁴⁴sd",
  "na¹¹sgi ga²²tsi²²ya²²du²²li³",
  "su²²li",
  "su²³da³li",
  "a²da",
  "a²²li",
  "a¹¹su²²lo",
  "lo²²lo",
  "sa²lo²³li",
  "sa²²sa",
  "sa²²sa a³³ɂi",
  "sa²li",
  "i²³na³da",
  "sa²²sa a²na³³ɂi",
  "i²na³³ɂi",
  "a³³su²²li³ɂa",
  "i²²sa a¹¹gi³ɂa sa²²sa",
  "a¹¹hli²²lo³³ɂa",
  "gi²²hli a²na³³ɂi",
  "sa²lo²³li du¹¹du²²li³ na gi²²hli",
  "sa²li du¹¹na²du²²li³ na sa²²sa",
  "sa²²ɂdu",
  "sa²²ɂdu a¹¹tli³ɂi²li",
  "ga²³da",
  "gi²³ga",
  "ga⁴⁴du",
  "ga¹¹du²²li⁴⁴da a³³su²²li³ɂa",
  "ga²²sgi²lo",
  "a²na¹¹ga²²li²³sgi",
  "a¹¹sga³²ga",
  "sdu¹¹di",
  "di²²da²²sdu¹¹di⁴",
  "su²³da³li di²ga²²sgi²lo du¹¹na²du²²li³",
  "gi²²hli a¹¹gi²ga²na²³di³ɂa",
  "u²²nv²³di u¹¹du²²li³ na u²²sdi⁴",
  "di²na²²da²²hli²²lo¹¹sdi⁴⁴sgi u¹¹nv²²nv³³ga",
  "si²²nv⁴⁴da",
  "ga⁴⁴du a²gi²gi³si na gi²²hli",
  "a²ga³³li²²si²ga",
  "o³³si",
  "u²sdi⁴ o³³si",
  "o²²ga²na a²na²hli gi²²hli",
  "yo²³na a³³ɂi",
  "a¹¹gi²yo³³si",
  "di²ga²²da²²yo²²sdi",
  "o¹¹gi²na²²li⁴ u¹¹yo³³si²ha",
  "ha²di²³da!",
  "o²²si³yo ha²da",
  "a³ɂni",
  "sa²sa u¹¹ni²ga²²sga",
  "u²²ne⁴⁴ga gi²²hli",
  "di²da²²na³ɂnv⁴ i²ne³³na",
  "ga⁴⁴du u²²ni²ga²na⁴⁴sda du²wa³³du²ha",
  "u²²nv²³di u¹¹hwa²sga",
  "a²tsa²ɂdi",
  "tsa²yo³³si²ha²s",
  "tsa²li³³si",
  "tsa²yo³³li",
  "i²²ya",
  "sa²lo²³li ga²ɂni²³ya na gi²²hli",
  "tu²³ya du¹¹du²²li³",
  "tsi²²sdu",
  "u²²ni²²tsi²²ya du¹¹hyo²ha na a²sga²ya",
  "ha²²wi²ya",
  "wi²ɂsi",
  "tsi³³sgwa",
  "si²hgwa",
  "si²hgwa ha²²wi²ya a¹¹gwa²du²²li³",
  "tsi²²sgwa²da",
  "we²³sa",
  "we²³sa ni²ga²we",
  "sa²²sa na²²ni²we",
  "a²yv²²wi²²ya⁴",
  "a²hyv²²da²gwa²lo¹¹sgi",
  "na a²ga²yv²³li³ge⁴ u¹¹yo³³si, ge²²li³ɂa",
  "a²da²²ke³hdi u¹¹du²²li³ na a²ge²³hya",
  "a²tsa²ɂdi ga²²ti³ga na a²sga²ya",
  "ti²yo²³ha³ɂli ga²ɂni²³ya na i²³na³da",
  "o²²si²³yu i²yu²na²lsda¹¹hne³hdi",
  "o⁴⁴sda a²²gi¹¹sdi u²yu²²ti",
  "dlo²²ge⁴⁴si wi²ne¹¹da tu²³ya ga¹¹yo⁴⁴hli wi²di²na²da³gi",
  "a²ni²²yv²²wi²²ya⁴ da¹¹na²dlo²²sga",
  "ni²ga⁴⁴da a²ni²²yv²²wi²²ya⁴ u¹¹na²tlo²ya³²sdi²ha",
  "a²ma sgi²dli¹¹sda²si",
  "u²³ga³ma a¹¹gwa²du²²li³",
  "ki²lo⁴ a²ni²sga²ya da²ni²do³²ga",
  "i²³na³da ga²hni²³do³ na a²sga²ya",
  "ga²do²gi u²²sdi",
  "di²²la¹¹su²³lo du¹¹wa¹¹du¹¹la²²chi²si na a¹¹la³²sga²li²³sgi",
  "i²da²la¹¹sga²la",
  "tso²³la²ni",
  "tso²³la²ni u¹¹ki²ɂla we²³sa",
  "tso²ɂi i²ya³ni we²³sa a²ni⁴⁴da a¹¹ni²²hli³na",
  "tso²³la²ni ti²sdu²ɂi",
  "da²²hna²wa a¹¹sgwa²li²ha",
  "a²yo⁴⁴hli u¹¹hna²wa³²sdi²ha",
  "u²we²³hna²ɂi ga²ne²³la na tsi²di²da³³ne²²la",
  "a²wo²³ha³ɂli u²²gi¹¹da³hli ga¹¹ni²³do³ na a²yv²²wi²²ya⁴",
  "tsa²la²gi ga²wo³³ni na a²yo³³ne²²ga",
  "nv²²wo³²ti u¹¹du²²li³ na u²da²ni²li",
  "ka²nu²²na ni²ga²we²ɂa",
  "u²²sdi⁴ ka²na²wo³²ga",
  "ka²³hwi wi²da²yu¹¹hwa²si di¹¹da²²na³ɂnv⁴⁴i",
  "di²²se³sdi du¹¹wo²²hwe²³la³",
  "ka²lse²³tsi u¹¹du²²li³ na a²yo⁴⁴hli",
  "se²³di da¹¹gi³ɂa na sa²lo²³li",
  "sgi²ga²²ɂdu u¹¹da²lu²la nv²hgi",
  "di²ga²dv³³di",
  "ga²do¹ ha¹¹dv³³ne",
  "di²ga²dv³³di a¹¹yo²²sda na u¹¹da²²ge⁴⁴da a²chu⁴⁴tsa",
  "a²²dla²wa³ɂdv⁴",
  "u²²hyv²²dla a²ma a¹¹gwa²du²²li³",
  "a³ha²ni u¹¹dla²nv²²da",
  "hi²sgi",
  "hi²²yo²²li¹¹gi²s na a²sga²ya",
  "ga²nv²²hi⁴⁴da u¹¹sti²hga na a²ge²²hyu⁴⁴tsa",
  "hi²sgi a²ye⁴⁴hli a¹¹hli³ɂi²li",
  "i²²ga e⁴⁴hi nv²²da ka²la",
  "hi²ɂa e²²do²²da",
  "a³ha²ni tso²³hle³²sdi",
  "di²²da²²na³ɂnv⁴ wi²da²ge²²do²li hle⁴⁴ga",
  "u²²do²²hi²yu⁴ u¹¹di²²hle³hga",
  "ga²nv²²gwa²lo⁴⁴sdi e²²sgv³hsi",
  "we²³sa ni²ga²we¹¹sgv³ ga¹¹tv²²gi³³ɂa",
  "ga²do u²²sdi a¹¹go²whti³ na gi²²tli",
  "di²go²²hwe²³lo¹¹di e¹¹sgi²di²si",
  "tsi²²sdu a²te²²sda na gi²²tli",
  "di²hna²wo da¹¹te²³sga",
  "u²³ta²na yo²³na tsi²²go¹¹wa²hta",
  "gv²²he a²na²hli²ha gi²²hli",
  "wa²³hu³hi ni²ga²we¹¹sgv³ ga¹¹tv²²gi³ɂa",
  "ni! go²²hu⁴⁴sdi ni²ga²we²ɂa",
  "hi²la⁴ i²tsa²de²²ti²yv⁴⁴da",
  "so²hi a²ni²nv²²hi⁴⁴da di²nu²te²²su²ga",
  "so³hne²³la a²ye⁴⁴hli a¹¹tli³ɂi²li",
  "a¹¹so²³hyv⁴ u¹¹ki²la tsi²ta²³ga",
  "hi²la⁴ i²³ga⁴ tsu²we²³tsi de²tsa²du²²li³",
  "hi²la⁴ i²yu³³de²²ti²yv⁴⁴da hi²ɂa a²chu⁴⁴tsa",
  "tsu²²ni²²la¹¹wi²sdi⁴ i²de¹¹na",
  "gwi²li²gi du¹¹do²²ɂa hi²ɂa a²chu⁴⁴tsa",
  "ga²no²²ha²li²²do⁴⁴hi ga²no²²ha²li²³do³²ha",
  "ga³³go sda¹¹hli²no²²he³ha",
  "tsi³³sdv²²na du²²gwe²²nu¹¹gi na a²chu⁴⁴tsa",
  "ge¹¹hv³ i²³go³³hi⁴⁴da gi²na²²li⁴ ge¹¹se³³sdi",
  "du¹¹do²²ɂa go²²hwe²³li³³ɂa",
  "de²tsa²do³³ɂa ho²hwe²³la³²nv²ɂi",
  "ho²wa ha²da",
  "a²ho⁴⁴li u¹¹wa²nhga sgwa¹¹hle⁴⁴sdi",
  "ha²le²²hwi²sda",
  "i²³tsu³³la tsa²la²gi a²le yo³³ne²²ga de²ga²wo³³ni",
  "ga²ɂle⁴⁴ni u¹¹we²²hi²sda³²ne²ha na a²yo⁴⁴hli",
  "hi²la⁴ɂi²yv a¹¹da²le²²ni²³sgo³ go⁴⁴la",
  "i²tse³ɂi²yu⁴⁴sdi u²lsu²³hwi²²da u¹¹hnu³²wa",
  "a²ma a¹¹tse²³wi³ɂa na a²chu⁴⁴tsa",
  "di²²tse⁴ di²la¹¹su²³lo du¹¹du²²li³",
  "a²ku²³gi⁴⁴sdi e¹¹sgi²di²si",
  "u²²gu¹¹ku ni²ga²we¹¹sgv³ ga¹¹tv²²gi³³ɂa",
  "hi²la⁴ɂi²yv gv²nsgo³ ku²wa²²ya",
  "u²²sgwo²²hli⁴ u¹¹we²²hi²sda³²ne na a²yo⁴⁴hli",
  "di²tsa²la²gi di²gwo²²hwe²³lo³²di ga²de¹¹lo²hgwa³ɂa",
  "u²²dlv⁴⁴gi",
  "na u²²sdi⁴ ga²hlv²²sga",
  "sv²²do²²ni ka²li⁴ ka²nu¹¹ga²hli ga²da²gi",
  "sv¹¹gi i²³na³ge⁴ e⁴⁴hi gi²ni²ya²lu³³ga",
  "ha²²dlv wi²tse²³do³²le² sv²²hi",
  "i²gv²²yi⁴, ta²ɂli²²ne⁴, tso²ɂi²²ne⁴, nv²hgi²²ne⁴,",
  "wa²³tsi da¹¹sda³³yi²di²ɂa",
  "wo²²yi ni²ga²we¹¹sgv³ ga¹¹tv²²gi³³ɂa",
  "ga²ɂlo²²hni ka²ɂlv⁴ a²nv²nsgo³ u²ni²te²lv²la³di",
  "i³he²³do³²lv²²ɂi",
  "a²tsv²ga²li³³ye³³di ga²²ni²³do³²ha",
  "de²²tsv⁴sdv de²kdlo²³hi",
  "hi²²yo²²li¹¹gi²s ki²lo⁴ dlu²dlu tsu¹¹do²²ɂi²³da",
  "a²da ti²²sdlu³²hya",
  "ha²²dlv da²tsi¹¹hlu²ni hi²ɂa ga²³da",
  "e²²li⁴⁴gwu",
  "si²³gwu tsi²ni²hi²wi",
  "sa¹¹gwu⁴ a²ye⁴⁴hli a¹¹tli³ɂi²li",
  "hla go²²hu⁴⁴sdi yi²ga¹¹tv²²gi³³ɂa",
  "hla²wo¹¹tu²²hi⁴ ni²ga²lsdi²²sgo³ yu¹¹ga²²hna²na",
  "hla ya¹¹gwa²nhta",
  "nu⁴⁴la! a¹¹gwv²²nv³³ga",
  "a²gwa⁴⁴sa wi²da²ge²³do³²li di²da²²na³ɂnv⁴ɂi",
  "a¹¹gwv²³ke³³wa de²tsa²do³³ɂv²³ɂi",
  "hi²hv²³na",
  "di²tsa²la²gi di²gi²go²²li²³ye³²di di²sgwe³³hyo²²hv¹¹ga",
  "i²da²lsda¹¹yv²²hv¹¹ga",
  "ta²le²²hv¹¹ga",
  "wu²³ta²nv⁴ ga²hltso²³de u¹¹su²²ye³³sv²",
  "wu²³de³³li¹¹gv⁴ i²di³³dla wu²³de³³li¹¹gi nv²²da",
  "tsu²³ga³³na²wv⁴",
  "tsu²³ga³³na²wv⁴ wa²ni²kti sa²sa",
  "e²²li⁴⁴gwu²s di²da²²na³ɂnv⁴ yi²wv²he³³da",
  "u²²dlv⁴⁴gi ka²nv²²wv¹¹ga na ga³ɂna²kti",
  "me²²li",
  "a²me³³gwo⁴ de²²ga³³so³hgi a³yo²sgi",
  "tsi²mi du¹¹do²²ɂa hi²ɂa a²chu⁴⁴tsa",
  "ke²³mi³li u¹¹ki²lv¹¹di tsi²²go¹¹wa²hta",
  "ma²ga so³hne²³li²ne⁴ a¹¹ya³²to²hlv⁴ a²tsi²no²²he³ha mo²si",
  "tse²do³²lv²hi²s mu²²di",
  "ga²²da²²ha⁴",
  "a²si²²ndi² ka²nv³³su²²lv⁴",
  "ga²ni²³hli²",
  "o⁴⁴sda² hnv¹¹ga² ga²ni²³hli²",
  "ti²ne³³dli²²yv¹¹na² di²²kv³³hi²da²",
  "de²²tsi³ne³²dli²²yv²²na² di²²kv³³hi²da² ko²²hi² sa²na³³le⁴",
  "a²kwsdo³",
  "hwi²tlv²³na²",
  "hi²tlv²³na²",
  "o²²si²²tsu³ hi²tlv²²na²",
  "di²²kv³³hi²da²",
  "u²²ne²²gv²²ha⁴",
  "u²²ne²²gv²²ha⁴ hi²²yv³hgwi²do²²si¹¹ya²",
  "so³ɂi² u²²ne²²gv²²ha⁴ di²²sgi²nv²ɂsi²",
  "sgo²³h yu³³tli²²lo³³d tsi²ɂlv²²n u²sv² tsi²ge²²sv² ",
  "hi²la² i²³go³³hi⁴⁴d hi²hlv²²n u²sv² tsi²ge²²sv²",
  "hi²la² i²³go³³hi⁴⁴d hi²hlv²²na²",
  "hi²la³²yv⁴ ha²di²²da²",
  "hi²la³²yv⁴ tsa²di²²dv²²he³ sv²²hi² tsi²ge²²sv²³ɂi²",
  "hi²la³²yv⁴ wi²tsa²²nsi²ne³³ɂi² u²sv² tsi²ge²²sv²",
  "sgo²³h tsa²²hli²²ɂi³li²²sv² tsi²wa²²gwa²nsi³nv²³ɂi² u²sv² tsi²ge²²sv²",
  "hi²sgi² tsi²ge²²sv² tsa²²hli²²ɂi³li²²sv² tsa²²gi²ye³³tsv² ko²²h sa²na³³le⁴⁴ɂi²",
  "tsi²wu²²nsi²nv²³ɂi²",
  "de²²tsa³ya²we³³ga²s",
  "hi²hlv²²sga²s",
  "do²²yu³ da²²gi²²ya²we³³g",
  "hv²htla²da² a²tsv²³ysdi²",
  "hi²tsv²²ysdv¹¹ga²",
  "di²²yto³³ldv²³di² ti²²sdu²ɂi²",
  "di²²yto³³ldv²³di² de²²hi³sdu²²hv¹¹ga²",
  "go²²hwe²³lo³²di² ga²²sgi²lo³",
  "go²²hwe²³lo³²di² ga²²sgi²lo³ wu²²wo²³tla²",
  "a²da²²hye²²sdi²³sgi²",
  "wa²³tsi² a²da²²hye²²sdi²³sg u¹¹no²²hyv³hga²",
  "wa²³tsi² a²da²²hye²²sdi²³sg a¹¹gwa²tse²²li³ su²³da³l ge²²sv² u¹¹no²²hyv³hgo³³ɂi²",
  "ga³³g yu²²wa²³tsi² a²da²²hye²²sdi²³sg u¹¹no²²hyv³hga²",
  "de²²hi³ndo³hgv⁴ ti²nv²²ga²la²",
  "de²²tsi³na²²do³hgv⁴ da²²gi²nv²²ga²lv²²hv²³ɂi²",
  "de²²tsi³na²²do³hgv⁴ de²²tsi³nv²²ga²li²²sgo³³ɂi² ni²go²³lv⁴",
  "de²²tsi³³na²²do³hgv⁴ da²²tsi²nv²²ga²lv²²l no²³gw tsi³gi²",
  "de²²tsi³na²²do³hgv⁴ de²²tsi³nv²²ga²lv²²ɂe³³ga²",
  "de²²hi³nv²²ga²le³³s de²²hi³ndo³hgv⁴ ko²²h sa²na³³le⁴",
  "de²²hi³ndo³hgv⁴ de²²hi³nv²²ga²lv²²hv² ha²lsda¹¹yhno³nv²³ɂi²",
  "ki²la²² ga²da²wo³³ɂo³hna²",
  "a¹¹gwa²da²wo²²sdi² nu⁴⁴sdi²",
  "a²da²wo²²sdi⁴⁴ɂi²",
  "tsu²²ni²²gsdi⁴⁴ɂi²",
  "di²²su²³hldo²hdi²",
  "a²da²²ke³hdi²",
  "a²da²²ke³hdi² a²²yo³³gi²",
  "a²da²²ke³hdi² u²²ka²ha²da²",
  "u²²da²yv²³ltv⁴⁴ɂi²",
  "a²sdo²²ye³³ɂa²",
  "di²²ga²nv²²sge³³ni² da²sdo²²ye³³ɂa²",
  "da²ga²li³²sdo²²ye²²ɂi²",
  "ga²li²²sdo²²ye³³ɂo³hna²",
  "do²²y tsu²²ne²³da¹¹sdi² wa²²ya³ɂa²",
  "o²²hla²",
  "a²sdu²³hldo²hdi²",
  "ta²ɂsu²³li²",
  "ha²gv²²sgwo²²tsa²",
  "ha²lsdu²³li²",
  "ta²ɂda²nv²ɂsu²³li²²lo²³tsa²",
  "he³³sd tsi²²tsv²²ke²²ws, di²²tsa²nv²²ga²hldi² ti²ɂle³³ni² o²hndi³³tlv²",
  "da²²su²³le³³ɂa²",
  "de²²ga³³su²³le³³ɂa²",
  "a²²lsdu²³le³³ɂa²",
  "ga²gv²²sgwo³³ɂa²",
  "tla³ ya³gwv²²ke²²wa²d di²²gi²nv²²ga²hldi² di²²tsi²ɂle³³ni² o²hndi³³tlv²",
  "dv²²ga²²ndo³hgv⁴ di²²ga²nv²²ga²hldo²hdi²",
  "dv²²ga²²ndo³hgv⁴ di²²ga²nv²²ga²hldo²hdi² o²²hla²",
  "ti²ɂsgwa²lv¹¹ya²",
  "di²gv²²ha²lu³²ya²",
  "hi²dli¹¹ga²",
  "nu²³n ti²ne³³ga²la²",
  "do²²chi²la³³ni²tsu³ nu²³na²",
  "a³³ma²dv³³ ga²lu²³lo³²ga²",
  "a²ma² tsi²²te³³hdi²³ha²",
  "sgwu³dv³³ tsi²ga²²ta² a¹¹gwv²²ni³sdo²hdi⁴³ɂi²",
  "do²²yu³ o⁴⁴sd a²²sv¹¹ga²",
  "do² u⁴⁴sd na² tsa²²sv¹¹ga²",
  "do² u⁴⁴sd e²³li³²sdi² a²²sv¹¹ga²",
  "sv²²gta²w e²³li³²sd ga²²wsv¹¹ga²",
  "do² u⁴⁴sd hi²tlv¹¹ga²",
  "do² u⁴⁴sd ha²su²²yv¹¹ga²",
  "sv¹¹gi² ta²ma²³tli²hnv³ de²²tsi³ɂlv¹¹ga²",
  "a²²tla²hnv²²di²",
  "a²hyv²²dla²di²²sdo²hdi⁴⁴ɂi²",
  "e²²li³³wu³ke³ tsu²²we²³ts yi²de³³hi²le²gi² a²hyv²²dla²di²²sdo²hdi⁴⁴ɂi²",
  "hi²ɂa²nv³ hwi²²gi²hlv¹¹ga² a²hyv²²dla²di²²sdo²hdi⁴⁴ɂi²",
  "u²²ti²²yv²³hn da²tsi²²sgwa²²ngo¹¹ta²ni²",
  "e²²li³³wu³ke³ yi²ksde²²l di²gv²²di²²ye³ɂv²³ɂi²",
  "e²²li³³wu³ke³ hyi²²sde²²la² de²²gv³³di²²ye³³sgv²³ɂi²",
  "a²hya²ta²na²²lv⁴ ga²nv²²ga²la²",
  "wa²²gi²lv²³gwdv² te²²ldo³ tsi²²yo³³sda²",
  "u²²li²²sgwi³ɂdi² e²²skv²ɂsi²",
  "go²²hu⁴⁴sdi²s tsa²du²²li³ tsa²di³³ta²sdi²",
  "ka²³wi² a¹¹gwa²du²²li³ha²",
  "tsa²³yi² u²dli³ na²²gi²lv²³gwd ka²³wi² ni²ge³³sv²³ɂi²",
  "di²²sgi²di³²s na² a²ga²²ha²lu³²ysdi⁴⁴ɂi²",
  "ha²ye²²lsdi² di²²sgi²di³²s",
  "hi²²sda²ga²²yda² ga³³du²ɂi²",
  "go²²hlv²²nv² ga²nv²²li²³ye³ɂa² ga³³du² a²²sda²ga²²yta²nv²³ɂi²",
  "tsa²du²²li³³s go²²hlv²²nv² ga²nv²²li²³ye³³da² ga³³du² a²²sda²ga³³yta²nv²³ɂi²",
  "di²gv²²di²²ye³³sgi² da²²tsi²le³³sv²²hni²",
  "ni²ga⁴⁴d ti²le³³sv²²hv¹¹ga² di²gv²²di²²ye³³sgi²",
  "di²gv²²di²²ye³³sgi² ga²²hla²nv³sga²",
  "ni²ga⁴⁴d de²²tsi³le³²sv²²sgo³ di²gv²²di²²ye³³sgi² sa²na³³le⁴⁴ɂi²",
  "ka²³wi²s a¹¹gwo²²tlv²hdi² tsa²du²²li³³ha²",
  "da²go²²tlv²²hni²ke³ ka²³wi²",
  "do² u²²lsta²nv² ka²³w a²tli²²sdo²hdi²",
  "u²²yo³²tsv²³dv³ ge²²li³ɂa² a²tse³dv³³ a²²se³ a¹¹ki²wa²hi²sdi² ge²²se³³sdi²",
  "ga³³g tsu²²tse²²li³ di²²te²li²²do⁴⁴ɂi²",
  "a²²da²yv²³ltv²sgi² da²tsi²²ga²²to²³sta²ni²",
  "tsa²du²²li³³s gu⁴⁴sdi² hyi²ga²²to²³sdo²hdi⁴⁴ɂi²",
  "hi²la² du²²ga²²nda³ɂdv⁴ di²²tsa²go²²li²³ye³³da²",
  "do² u⁴⁴sd hi²go²²li²³ye³ɂa²",
  "sgi²²ga²du² du²²ga²²nda³ɂdv⁴ de²²tsi³go²²li²³ye³ɂa² tsu²²nde²³hlgwa¹¹sdi² u²²gv²³wa²hli²",
  "u²²ne²²gv²²ha⁴ u²²du³³hlv²²di²",
  "o⁴⁴sd u²²da²²nta²",
  "ga²²sgi²lo³³gi² u²²wo²³tla²",
  "ga²²sgi²lo³³gi² ga²²nga²",
  "a²yv³²sdi⁴⁴ɂi²",
  "do²²yi³³tlv⁴⁴ɂi²",
  "ga²²sdlv³sga² a²²su²²lo³",
  "ga²²ye²²wsga²",
]
`;
